Component: ARM Compiler 5.06 update 2 (build 183) Tool: armlink [4d35b7]

==============================================================================

Section Cross References

    ucos_task.o(.text) refers to mpu6050.o(.text) for MPU6050_Read
    ucos_task.o(.text) refers to ms5611_2.o(.text) for MS5611_ThreadNew
    ucos_task.o(.text) refers to delay.o(.text) for delay_ms
    ucos_task.o(.text) refers to time.o(.text) for Get_Cycle_T
    ucos_task.o(.text) refers to rc.o(.text) for RC_Duty
    ucos_task.o(.text) refers to att_control.o(.text) for CTRL_1
    ucos_task.o(.text) refers to f2d.o(x$fpl$f2d) for __aeabi_f2d
    ucos_task.o(.text) refers to ddiv.o(x$fpl$ddiv) for __aeabi_ddiv
    ucos_task.o(.text) refers to dmul.o(x$fpl$dmul) for __aeabi_dmul
    ucos_task.o(.text) refers to daddsub_clz.o(x$fpl$dadd) for __aeabi_dadd
    ucos_task.o(.text) refers to dfixu.o(x$fpl$dfixu) for __aeabi_d2uiz
    ucos_task.o(.text) refers to circle.o(.bss) for nav_Data
    ucos_task.o(.text) refers to ucos_task.o(.constdata) for .constdata
    ucos_task.o(.text) refers to ucos_task.o(.data) for inner_loop_time
    ucos_task.o(.text) refers to ucos_task.o(.bss) for Rc_Pwm_In
    ucos_task.o(.text) refers to pwm_inm.o(.bss) for Rc_Pwm_Inr_mine
    ucos_task.o(.text) refers to dflt_clz.o(x$fpl$dfltu) for __aeabi_ui2d
    ucos_task.o(.text) refers to att_control.o(.data) for state_v
    ucos_task.o(.text) refers to height_ctrl.o(.bss) for ultra_ctrl_head
    ucos_task.o(.text) refers to drleqf.o(x$fpl$drleqf) for __aeabi_cdrcmple
    ucos_task.o(.text) refers to dflt_clz.o(x$fpl$dflt) for __aeabi_i2d
    ucos_task.o(.text) refers to my_math.o(.text) for my_deathzoom
    ucos_task.o(.text) refers to d2f.o(x$fpl$d2f) for __aeabi_d2f
    ucos_task.o(.text) refers to usart_fc.o(.bss) for mode
    ucos_task.o(.text) refers to alt_kf.o(.data) for ALT_POS_SONAR2
    ucos_task.o(.text) refers to mpu6050.o(.bss) for mpu6050
    ucos_task.o(.text) refers to usart_fc.o(.data) for Pitch_DJ
    ucos_task.o(.text) refers to imu.o(.data) for Roll
    ucos_task.o(.text) refers to pwm_out.o(.text) for SetPwm
    ucos_task.o(.text) refers to imu.o(.text) for IMUupdate
    ucos_task.o(.text) refers to circle.o(.text) for GPS_hold
    ucos_task.o(.text) refers to pwm_inm.o(.text) for PWIN_CAL
    ucos_task.o(.text) refers to alt_kf.o(.text) for altUkfProcess
    ucos_task.o(.text) refers to rc.o(.data) for fly_ready
    ucos_task.o(.text) refers to imu.o(.bss) for q_nav
    ucos_task.o(.text) refers to sin.o(i.__hardfp_sin) for __hardfp_sin
    ucos_task.o(.text) refers to cos.o(i.__hardfp_cos) for __hardfp_cos
    ucos_task.o(.text) refers to daddsub_clz.o(x$fpl$dsub) for __aeabi_dsub
    ucos_task.o(.text) refers to basic.o(x$fpl$basic) for __aeabi_dneg
    ucos_task.o(.text) refers to flow.o(.data) for pixel_flow_x2
    ucos_task.o(.text) refers to dleqf.o(x$fpl$dleqf) for __aeabi_cdcmple
    ucos_task.o(.text) refers to m100.o(.text) for m100_data
    ucos_task.o(.text) refers to usart_fc.o(.text) for CPU_LINK_TASK
    ucos_task.o(.text) refers to stm32f4xx_dma.o(.text) for DMA_GetFlagStatus
    ucos_task.o(.text) refers to data_transfer.o(.text) for ANO_DT_Data_Exchange
    ucos_task.o(.text) refers to dfix.o(x$fpl$dfix) for __aeabi_d2iz
    ucos_task.o(.text) refers to ms5611_2.o(.data) for baroAlt
    ucos_task.o(.text) refers to height_ctrl.o(.data) for thr_use
    ucos_task.o(.text) refers to ultrasonic.o(.data) for ultra_distance
    ucos_task.o(.text) refers to stm32f4xx_usart.o(.text) for USART_DMACmd
    ucos_task.o(.text) refers to dma.o(.text) for MYDMA_Enable
    ucos_task.o(.text) refers to led_fc.o(.text) for LEDRGB_STATE
    ucos_task.o(.text) refers to os_core.o(.data) for OSCPUUsage
    main.o(.text) refers to os_mbox.o(.text) for OSMboxCreate
    main.o(.text) refers to os_q.o(.text) for OSQCreate
    main.o(.text) refers to os_flag.o(.text) for OSFlagCreate
    main.o(.text) refers to os_core.o(.text) for OSStatInit
    main.o(.text) refers to os_tmr.o(.text) for OSTmrCreate
    main.o(.text) refers to os_cpu_a.o(.text) for OS_CPU_SR_Save
    main.o(.text) refers to os_task.o(.text) for OSTaskCreate
    main.o(.text) refers to misc.o(.text) for NVIC_PriorityGroupConfig
    main.o(.text) refers to delay.o(.text) for delay_init
    main.o(.text) refers to parameter.o(.text) for Para_Init
    main.o(.text) refers to flash.o(.text) for READ_PARM
    main.o(.text) refers to pwm_out.o(.text) for PWM_Out_Init_FOR_CAL
    main.o(.text) refers to time.o(.text) for Initial_Timer_SYS
    main.o(.text) refers to iic_soft.o(.text) for I2c_Soft_Init
    main.o(.text) refers to ms5611_2.o(.text) for MS5611_Init
    main.o(.text) refers to mpu6050.o(.text) for MPU6050_Init
    main.o(.text) refers to alt_kf.o(.text) for altUkfInit
    main.o(.text) refers to led_fc.o(.text) for LED_Init
    main.o(.text) refers to rng.o(.text) for RNG_Init
    main.o(.text) refers to usart_fc.o(.text) for Usart1_Init
[...]
    __aeabi_f2d                              0x0802a8c9   Thumb Code     0  f2d.o(x$fpl$f2d)
    _f2d                                     0x0802a8c9   Thumb Code    86  f2d.o(x$fpl$f2d)
    __aeabi_ul2f                             0x0802a91f   Thumb Code     0  ffltll_clz.o(x$fpl$ffltll)
    _ll_uto_f                                0x0802a91f   Thumb Code     6  ffltll_clz.o(x$fpl$ffltll)
    __aeabi_l2f                              0x0802a925   Thumb Code     0  ffltll_clz.o(x$fpl$ffltll)
    _ll_sto_f                                0x0802a925   Thumb Code    90  ffltll_clz.o(x$fpl$ffltll)
    __fpl_fnaninf                            0x0802a97f   Thumb Code   140  fnaninf.o(x$fpl$fnaninf)
    _fp_init                                 0x0802aa0b   Thumb Code    10  fpinit.o(x$fpl$fpinit)
    __fplib_config_fpu_vfp                   0x0802aa13   Thumb Code     0  fpinit.o(x$fpl$fpinit)
    __fplib_config_pureend_doubles           0x0802aa13   Thumb Code     0  fpinit.o(x$fpl$fpinit)
    __fpl_fretinf                            0x0802aa15   Thumb Code    10  fretinf.o(x$fpl$fretinf)
    __fpl_return_NaN                         0x0802aa1f   Thumb Code   100  retnan.o(x$fpl$retnan)
    __ARM_scalbn                             0x0802aa83   Thumb Code    92  scalbn.o(x$fpl$scalbn)
    __fpl_cmpreturn                          0x0802aadf   Thumb Code    48  trapv.o(x$fpl$trapveneer)
    __I$use$fp                               0x0802ab0e   Number         0  usenofp.o(x$fpl$usenofp)
    OSUnMapTbl                               0x0802ab18   Data         256  os_core.o(.constdata)
    __mathlib_zero                           0x0802ad20   Data           8  qnan.o(.constdata)
    Region$$Table$$Base                      0x0802ae78   Number         0  anon$$obj.o(Region$$Table)
    Region$$Table$$Limit                     0x0802ae98   Number         0  anon$$obj.o(Region$$Table)
    ccmHeap                                  0x20000000   Data       40960  alt_kf.o(.ccm)
    PWM_DJ                                   0x2000a000   Data          16  ucos_task.o(.data)
    inner_loop_time                          0x2000a010   Data           4  ucos_task.o(.data)
    dj_k                                     0x2000a014   Data           4  ucos_task.o(.data)
    dj_k2                                    0x2000a018   Data           4  ucos_task.o(.data)
    dj_k_mouse                               0x2000a01c   Data           4  ucos_task.o(.data)
    k_dj                                     0x2000a020   Data          24  ucos_task.o(.data)
    d_t                                      0x2000a038   Data           8  ucos_task.o(.data)
    dt_flt                                   0x2000a040   Data           4  ucos_task.o(.data)
    flt_track                                0x2000a044   Data          12  ucos_task.o(.data)
    DJ_YAW_OFF                               0x2000a050   Data           4  ucos_task.o(.data)
    Rc_Pwm_off                               0x2000a054   Data          32  ucos_task.o(.data)
    k_yaw_z                                  0x2000a074   Data           4  ucos_task.o(.data)
    k_reset                                  0x2000a078   Data           4  ucos_task.o(.data)
    state_v_test2                            0x2000a07c   Data           1  ucos_task.o(.data)
    dead_pan_z                               0x2000a080   Data           4  ucos_task.o(.data)
    k_pan_z                                  0x2000a084   Data           4  ucos_task.o(.data)
    rc_thr_mid                               0x2000a088   Data           1  ucos_task.o(.data)
    flt_gro_z                                0x2000a08c   Data           4  ucos_task.o(.data)
    Yaw_Follow_Dead                          0x2000a090   Data           4  ucos_task.o(.data)
    SHOOT_PWM_OFF0                           0x2000a094   Data           4  ucos_task.o(.data)
    SHOOT_PWM_OFF1                           0x2000a098   Data           4  ucos_task.o(.data)
    SHOOT_PWM_DEAD0                          0x2000a09c   Data           4  ucos_task.o(.data)
    SHOOT_PWM_DEAD1                          0x2000a0a0   Data           4  ucos_task.o(.data)
    YUN_PER_OFF                              0x2000a0a4   Data           4  ucos_task.o(.data)
    gimbal_stink                             0x2000a0a8   Data           1  ucos_task.o(.data)
    DJ_TEST                                  0x2000a0aa   Data           6  ucos_task.o(.data)
    kp_dj                                    0x2000a0b0   Data          12  ucos_task.o(.data)
    i_yaw                                    0x2000a0bc   Data           4  ucos_task.o(.data)
    k_scan                                   0x2000a0c0   Data           4  ucos_task.o(.data)
    SCAN_RANGE                               0x2000a0c4   Data           1  ucos_task.o(.data)
    flag_yun                                 0x2000a0c8   Data           8  ucos_task.o(.data)
    Rc_Pwm_Out_mine_USE                      0x2000a0d0   Data           8  ucos_task.o(.data)
    k_m100_gps                               0x2000a0d8   Data          12  ucos_task.o(.data)
    k_m100_scan                              0x2000a0e4   Data          12  ucos_task.o(.data)
    k_m100_track                             0x2000a0f0   Data          12  ucos_task.o(.data)
    k_m100_shoot                             0x2000a0fc   Data          12  ucos_task.o(.data)
    k_m100_laser_avoid                       0x2000a108   Data           4  ucos_task.o(.data)
    k_m100_yaw                               0x2000a10c   Data           4  ucos_task.o(.data)
    k_dj_yun                                 0x2000a110   Data          12  ucos_task.o(.data)
    gain_global                              0x2000a11c   Data           8  ucos_task.o(.data)
    risk_gain                                0x2000a124   Data           4  ucos_task.o(.data)
    en_track                                 0x2000a128   Data           1  ucos_task.o(.data)
    outer_loop_time                          0x2000a12c   Data           4  ucos_task.o(.data)
    Pitch_R                                  0x2000a130   Data           4  ucos_task.o(.data)
    Roll_R                                   0x2000a134   Data           4  ucos_task.o(.data)
    Yaw_R                                    0x2000a138   Data           4  ucos_task.o(.data)
    en_shoot                                 0x2000a13c   Data           1  ucos_task.o(.data)
    ACC_SPEED_NUM_USE                        0x2000a13d   Data           1  ucos_task.o(.data)
    acc_cnt                                  0x2000a13e   Data           4  ucos_task.o(.data)
    wz_speed_flow                            0x2000a144   Data           8  ucos_task.o(.data)
    w_acc_spd                                0x2000a14c   Data           4  ucos_task.o(.data)
    w_acc_fix                                0x2000a150   Data           4  ucos_task.o(.data)
    en_vrc                                   0x2000a154   Data           1  ucos_task.o(.data)
    m100_control_mode                        0x2000a155   Data           1  ucos_task.o(.data)
    k_m100                                   0x2000a158   Data          20  ucos_task.o(.data)
    UART_UP_LOAD_SEL                         0x2000a16c   Data           1  ucos_task.o(.data)
    UART_UP_LOAD_SEL_FORCE                   0x2000a16d   Data           1  ucos_task.o(.data)
    state_v_test                             0x2000a16e   Data           1  ucos_task.o(.data)
    num_need_to_check                        0x2000a16f   Data           1  ucos_task.o(.data)
    tmr1                                     0x2000a170   Data           4  ucos_task.o(.data)
    tmr2                                     0x2000a174   Data           4  ucos_task.o(.data)
    tmr3                                     0x2000a178   Data           4  ucos_task.o(.data)
    cpuusage                                 0x2000a17c   Data           2  ucos_task.o(.data)
    dji_rst_protect                          0x2000a17e   Data           1  ucos_task.o(.data)
    dji_rst                                  0x2000a17f   Data           1  ucos_task.o(.data)
    DJI_CONNECT                              0x2000a180   Data           1  ucos_task.o(.data)
    dji_miss_cnt                             0x2000a182   Data           2  ucos_task.o(.data)
    dji_rc_miss                              0x2000a184   Data           1  ucos_task.o(.data)
    dji_rc_miss_cnt                          0x2000a186   Data           2  ucos_task.o(.data)
    msg_key                                  0x2000a1f8   Data           4  main.o(.data)
    q_msg                                    0x2000a1fc   Data           4  main.o(.data)
    flags_key                                0x2000a200   Data           4  main.o(.data)
    en_read                                  0x2000a204   Data           1  main.o(.data)
    SystemCoreClock                          0x2000a208   Data           4  system_stm32f4xx.o(.data)
    AHBPrescTable                            0x2000a20c   Data          16  system_stm32f4xx.o(.data)
    OSCtxSwCtr                               0x2000a230   Data           4  os_core.o(.data)
    OSEventFreeList                          0x2000a234   Data           4  os_core.o(.data)
    OSFlagFreeList                           0x2000a238   Data           4  os_core.o(.data)
    OSCPUUsage                               0x2000a23c   Data           1  os_core.o(.data)
    OSIdleCtrMax                             0x2000a240   Data           4  os_core.o(.data)
    OSIdleCtrRun                             0x2000a244   Data           4  os_core.o(.data)
    OSStatRdy                                0x2000a248   Data           1  os_core.o(.data)
    OSIntNesting                             0x2000a249   Data           1  os_core.o(.data)
    OSLockNesting                            0x2000a24a   Data           1  os_core.o(.data)
    OSPrioCur                                0x2000a24b   Data           1  os_core.o(.data)
    OSPrioHighRdy                            0x2000a24c   Data           1  os_core.o(.data)
    OSRdyGrp                                 0x2000a24d   Data           1  os_core.o(.data)
    OSRdyTbl                                 0x2000a24e   Data           8  os_core.o(.data)
    OSRunning                                0x2000a256   Data           1  os_core.o(.data)
    OSTaskCtr                                0x2000a257   Data           1  os_core.o(.data)
    OSIdleCtr                                0x2000a258   Data           4  os_core.o(.data)
    OSTCBCur                                 0x2000a25c   Data           4  os_core.o(.data)
    OSTCBFreeList                            0x2000a260   Data           4  os_core.o(.data)
    OSTCBHighRdy                             0x2000a264   Data           4  os_core.o(.data)
    OSTCBList                                0x2000a268   Data           4  os_core.o(.data)
    OSTickStepState                          0x2000a26c   Data           1  os_core.o(.data)
    OSQFreeList                              0x2000a270   Data           4  os_core.o(.data)
    OSTime                                   0x2000a274   Data           4  os_core.o(.data)
    OSTmrFree                                0x2000a278   Data           2  os_core.o(.data)
    OSTmrUsed                                0x2000a27a   Data           2  os_core.o(.data)
    OSTmrTime                                0x2000a27c   Data           4  os_core.o(.data)
    OSTmrSem                                 0x2000a280   Data           4  os_core.o(.data)
    OSTmrSemSignal                           0x2000a284   Data           4  os_core.o(.data)
    OSTmrFreeList                            0x2000a288   Data           4  os_core.o(.data)
    OSInterrputSum                           0x2000a28c   Data           4  os_cpu_c.o(.data)
    LED                                      0x2000a292   Data           3  led_fc.o(.data)
    shoot_cnt                                0x2000a2a0   Data           6  pwm_out.o(.data)
    sel                                      0x2000a2a6   Data           1  pwm_out.o(.data)
    kp_aux                                   0x2000a2a8   Data           8  pwm_out.o(.data)
    yaw_test                                 0x2000a2b0   Data           4  pwm_out.o(.data)
    sysTickUptime                            0x2000a2bc   Data           4  time.o(.data)
    time_1h                                  0x2000a2c0   Data           4  time.o(.data)
    time_1m                                  0x2000a2c4   Data           4  time.o(.data)
    time_1s                                  0x2000a2c8   Data           4  time.o(.data)
    time_1ms                                 0x2000a2cc   Data           4  time.o(.data)
    T_sonar                                  0x2000a2d0   Data           4  ultrasonic.o(.data)
    ultra_start_f                            0x2000a2d4   Data           1  ultrasonic.o(.data)
    ultra_start_f_rx                         0x2000a2d5   Data           1  ultrasonic.o(.data)
    ultra_time                               0x2000a2d6   Data           1  ultrasonic.o(.data)
    ultra_ok                                 0x2000a2d7   Data           1  ultrasonic.o(.data)
    x_pred                                   0x2000a2d8   Data           8  ultrasonic.o(.data)
    v_pred                                   0x2000a2e0   Data           8  ultrasonic.o(.data)
    x_post                                   0x2000a2e8   Data           8  ultrasonic.o(.data)
    v_post                                   0x2000a2f0   Data           8  ultrasonic.o(.data)
    sonar_raw                                0x2000a2f8   Data           4  ultrasonic.o(.data)
    scale_kal_sonar_v                        0x2000a2fc   Data           4  ultrasonic.o(.data)
    x_pred_bmp                               0x2000a300   Data           8  ultrasonic.o(.data)
    v_pred_bmp                               0x2000a308   Data           8  ultrasonic.o(.data)
    x_post_bmp                               0x2000a310   Data           8  ultrasonic.o(.data)
    v_post_bmp                               0x2000a318   Data           8  ultrasonic.o(.data)
    state_dj                                 0x2000a320   Data           5  ultrasonic.o(.data)
    state_dj_rx                              0x2000a325   Data           5  ultrasonic.o(.data)
    IO_STATE                                 0x2000a32a   Data           5  ultrasonic.o(.data)
    IO_STATER                                0x2000a32f   Data           5  ultrasonic.o(.data)
    TEMP_SONAR                               0x2000a334   Data           4  ultrasonic.o(.data)
    cnt_sample1r                             0x2000a338   Data           4  ultrasonic.o(.data)
    ultra_distance                           0x2000a33c   Data           4  ultrasonic.o(.data)
    ultra_distance_r                         0x2000a340   Data           4  ultrasonic.o(.data)
    ultra_delta                              0x2000a344   Data           4  ultrasonic.o(.data)
    OFF_H_M100                               0x2000a348   Data           4  ultrasonic.o(.data)
    PER_SCAL                                 0x2000a360   Data           1  pwm_inm.o(.data)
    cnt_sample1                              0x2000a364   Data           4  pwm_inm.o(.data)
    PWMMAX                                   0x2000a368   Data           2  pwm_inm.o(.data)
    PWMMIN                                   0x2000a36a   Data           2  pwm_inm.o(.data)
    PWMT                                     0x2000a36c   Data           2  pwm_inm.o(.data)
    led_cnt                                  0x2000a36e   Data           2  pwm_inm.o(.data)
    flt                                      0x2000a398   Data           4  flow.o(.data)
    scale_groz                               0x2000a39c   Data           4  flow.o(.data)
    scale_grox                               0x2000a3a0   Data           4  flow.o(.data)
    scale_groh                               0x2000a3a4   Data           4  flow.o(.data)
    scale_acc                                0x2000a3a8   Data           4  flow.o(.data)
    dead_acc                                 0x2000a3ac   Data           4  flow.o(.data)
    dead_gro                                 0x2000a3b0   Data           4  flow.o(.data)
    flow_fps                                 0x2000a3b4   Data           1  flow.o(.data)
    pixel_flow_x                             0x2000a3b8   Data           8  flow.o(.data)
    pixel_flow_x_gro_fix                     0x2000a3c0   Data           8  flow.o(.data)
    pixel_flow_y_gro_fix                     0x2000a3c8   Data           8  flow.o(.data)
    pixel_flow_y                             0x2000a3d0   Data           8  flow.o(.data)
    pixel_flow_x2                            0x2000a3d8   Data           8  flow.o(.data)
    pixel_flow_y2                            0x2000a3e0   Data           8  flow.o(.data)
    flow_compx                               0x2000a3e8   Data           8  flow.o(.data)
    flow_compy                               0x2000a3f0   Data           8  flow.o(.data)
    pixel_flow_x_pix                         0x2000a3f8   Data           4  flow.o(.data)
    pixel_flow_y_pix                         0x2000a3fc   Data           4  flow.o(.data)
    deg_delay                                0x2000a400   Data           1  flow.o(.data)
    ultra_distance_flow                      0x2000a404   Data           4  flow.o(.data)
    get_time_between_images                  0x2000a408   Data           4  flow.o(.data)
    I2C_FastMode                             0x2000a438   Data           1  iic_soft.o(.data)
    CH_in_Mapping                            0x2000a43c   Data           8  rc.o(.data)
    NS                                       0x2000a444   Data           1  rc.o(.data)
    CH_Error                                 0x2000a445   Data           8  rc.o(.data)
    NS_cnt                                   0x2000a44e   Data           2  rc.o(.data)
    MAX_CH                                   0x2000a450   Data          16  rc.o(.data)
    MIN_CH                                   0x2000a460   Data          16  rc.o(.data)
    CH_DIR                                   0x2000a470   Data           8  rc.o(.data)
    filter_A                                 0x2000a478   Data           4  rc.o(.data)
    fly_ready                                0x2000a47c   Data           1  rc.o(.data)
    ready_cnt                                0x2000a47e   Data           2  rc.o(.data)
    height_ctrl_mode                         0x2000a480   Data           1  rc.o(.data)
    height_ctrl_mode_use                     0x2000a481   Data           1  rc.o(.data)
    RxState3                                 0x2000a484   Data           1  usart_fc.o(.data)
    RxBufferNum3                             0x2000a485   Data           1  usart_fc.o(.data)
    RxBufferCnt3                             0x2000a486   Data           1  usart_fc.o(.data)
    RxLen3                                   0x2000a487   Data           1  usart_fc.o(.data)
    dt_flow_rx                               0x2000a48c   Data           4  usart_fc.o(.data)
    data_rate_gol_link                       0x2000a490   Data           2  usart_fc.o(.data)
    LOCK                                     0x2000a492   Data           1  usart_fc.o(.data)
    KEY                                      0x2000a493   Data           8  usart_fc.o(.data)
    KEY_SEL                                  0x2000a49b   Data           4  usart_fc.o(.data)
    NAV_BOARD_CONNECT                        0x2000a49f   Data           1  usart_fc.o(.data)
    SONAR_HEAD_CHECK                         0x2000a4a0   Data           2  usart_fc.o(.data)
    imu_loss_cnt                             0x2000a4a4   Data           4  usart_fc.o(.data)
    S_head                                   0x2000a4a8   Data           2  usart_fc.o(.data)
    Pitch_DJ                                 0x2000a4ac   Data           4  usart_fc.o(.data)
    Roll_DJ                                  0x2000a4b0   Data           4  usart_fc.o(.data)
    ALT_POS_SONAR_HEAD                       0x2000a4b4   Data           4  usart_fc.o(.data)
    ALT_POS_SONAR_HEAD_LASER_SCANER          0x2000a4b8   Data           4  usart_fc.o(.data)
    laser_sel                                0x2000a4bc   Data           1  usart_fc.o(.data)
    TxCounter                                0x2000a4bd   Data           1  usart_fc.o(.data)
    count                                    0x2000a4be   Data           1  usart_fc.o(.data)
    RxState                                  0x2000a4bf   Data           1  usart_fc.o(.data)
    RxBufferNum                              0x2000a4c0   Data           1  usart_fc.o(.data)
    RxBufferCnt                              0x2000a4c1   Data           1  usart_fc.o(.data)
    RxLen                                    0x2000a4c2   Data           1  usart_fc.o(.data)
    com_data                                 0x2000a4c3   Data           1  usart_fc.o(.data)
    Tx5Counter                               0x2000a4c6   Data           1  usart_fc.o(.data)
    count5                                   0x2000a4c7   Data           1  usart_fc.o(.data)
    Rol_yun                                  0x2000a4c8   Data           4  usart_fc.o(.data)
    Pit_yun                                  0x2000a4cc   Data           4  usart_fc.o(.data)
    Yaw_yun                                  0x2000a4d0   Data           4  usart_fc.o(.data)
    Rol_yun_rate                             0x2000a4d4   Data           4  usart_fc.o(.data)
    Pit_yun_rate                             0x2000a4d8   Data           4  usart_fc.o(.data)
    Yaw_yun_rate                             0x2000a4dc   Data           4  usart_fc.o(.data)
    cnt_m100_data_refresh                    0x2000a4e0   Data           2  usart_fc.o(.data)
    m100_data_refresh                        0x2000a4e2   Data           1  usart_fc.o(.data)
    time_rc                                  0x2000a4e4   Data           4  usart_fc.o(.data)
    rc_board_connect                         0x2000a4e8   Data           1  usart_fc.o(.data)
    rc_board_connect_lose_cnt                0x2000a4ea   Data           2  usart_fc.o(.data)
    TxCounter4                               0x2000a4ec   Data           1  usart_fc.o(.data)
    count4                                   0x2000a4ed   Data           1  usart_fc.o(.data)
    RxState4                                 0x2000a4ee   Data           1  usart_fc.o(.data)
    RxBufferNum4                             0x2000a4ef   Data           1  usart_fc.o(.data)
    RxBufferCnt4                             0x2000a4f0   Data           1  usart_fc.o(.data)
    RxLen4                                   0x2000a4f1   Data           1  usart_fc.o(.data)
    k_laser                                  0x2000a4f4   Data           4  usart_fc.o(.data)
    rate_gps_board                           0x2000a4f8   Data           4  usart_fc.o(.data)
    stcTime                                  0x2000a4fc   Data           8  usart_fc.o(.data)
    stcAcc                                   0x2000a504   Data           8  usart_fc.o(.data)
    stcGyro                                  0x2000a50c   Data           8  usart_fc.o(.data)
    stcAngle                                 0x2000a514   Data           8  usart_fc.o(.data)
    stcMag                                   0x2000a51c   Data           8  usart_fc.o(.data)
    stcDStatus                               0x2000a524   Data           8  usart_fc.o(.data)
    stcPress                                 0x2000a52c   Data           8  usart_fc.o(.data)
    stcLonLat                                0x2000a534   Data           8  usart_fc.o(.data)
    stcGPSV                                  0x2000a53c   Data           8  usart_fc.o(.data)
    RxState41                                0x2000a544   Data           1  usart_fc.o(.data)
    RxBufferNum41                            0x2000a545   Data           1  usart_fc.o(.data)
    RxBufferCnt41                            0x2000a546   Data           1  usart_fc.o(.data)
    RxLen41                                  0x2000a547   Data           1  usart_fc.o(.data)
    SendBuff1_cnt                            0x2000a54a   Data           1  usart_fc.o(.data)
    nrf_uart_cnt                             0x2000a54c   Data           2  usart_fc.o(.data)
    sd_pub_sel                               0x2000a54e   Data           1  usart_fc.o(.data)
    mav_flow_sel                             0x2000a54f   Data           1  usart_fc.o(.data)
    FLOW_STATE                               0x2000a550   Data           4  usart_fc.o(.data)
    checkdata_to_send                        0x2000a57c   Data           1  data_transfer.o(.data)
    checksum_to_send                         0x2000a57d   Data           1  data_transfer.o(.data)
    fly_mode                                 0x2000a57e   Data           1  data_transfer.o(.data)
    off_flow_pos                             0x2000a580   Data           8  data_transfer.o(.data)
    flash_save_en_cnt                        0x2000a588   Data           2  data_transfer.o(.data)
    acc_3d_calibrate_f                       0x2000a58a   Data           1  data_transfer.o(.data)
    acc_3d_step                              0x2000a58b   Data           1  data_transfer.o(.data)
    m100_x_g                                 0x2000a5a4   Data           4  m100.o(.data)
    m100_y_g                                 0x2000a5a8   Data           4  m100.o(.data)
    m100_z_g                                 0x2000a5ac   Data           4  m100.o(.data)
    m100_yaw_g                               0x2000a5b0   Data           4  m100.o(.data)
    ak8975                                   0x2000a5b4   Data          48  hml_sample.o(.data)
    Mag_CALIBRATED                           0x2000a5e4   Data           1  hml_sample.o(.data)
    Mag_CALIBRATED_R                         0x2000a5e5   Data           1  hml_sample.o(.data)
    mpu6050_ok                               0x2000a5e8   Data           1  mpu6050.o(.data)
    acc_sum_cnt                              0x2000a5ea   Data           2  mpu6050.o(.data)
    gyro_sum_cnt                             0x2000a5ec   Data           2  mpu6050.o(.data)
    filter_cnt                               0x2000a690   Data           1  mpu6050.o(.data)
    filter_cnt_old                           0x2000a691   Data           1  mpu6050.o(.data)
    test_ang                                 0x2000a694   Data           4  mpu6050.o(.data)
    test_ang_old                             0x2000a698   Data           4  mpu6050.o(.data)
    test_ang_d                               0x2000a69c   Data           4  mpu6050.o(.data)
    test_fli_a                               0x2000a6a0   Data           4  mpu6050.o(.data)
    test_i                                   0x2000a6a4   Data           4  mpu6050.o(.data)
    acc_max                                  0x2000a6a8   Data          12  mpu6050.o(.data)
    acc_min                                  0x2000a6b4   Data          12  mpu6050.o(.data)
    paOffsetNum                              0x2000a6e0   Data           8  ms5611_2.o(.data)
    paInitCnt                                0x2000a6e8   Data           2  ms5611_2.o(.data)
    paOffsetInited                           0x2000a6ea   Data           1  ms5611_2.o(.data)
    Baro_ALT_Updated                         0x2000a6eb   Data           1  ms5611_2.o(.data)
    MS5611_Temperature                       0x2000a6ec   Data           4  ms5611_2.o(.data)
    MS5611_Pressure                          0x2000a6f0   Data           4  ms5611_2.o(.data)
    MS5611_Altitude                          0x2000a6f4   Data           4  ms5611_2.o(.data)
    MS5611_VerticalSpeed                     0x2000a6f8   Data           4  ms5611_2.o(.data)
    MS5611_Delay_us                          0x2000a6fc   Data          36  ms5611_2.o(.data)
    baroAlt                                  0x2000a730   Data           4  ms5611_2.o(.data)
    baro_off                                 0x2000a734   Data           4  ms5611_2.o(.data)
    baro_set                                 0x2000a738   Data           1  ms5611_2.o(.data)
    exp_spd_zv                               0x2000a74c   Data           4  height_ctrl.o(.data)
    thr_use                                  0x2000a750   Data           4  height_ctrl.o(.data)
    thr_in_view                              0x2000a754   Data           4  height_ctrl.o(.data)
    exp_height_speed                         0x2000a758   Data           4  height_ctrl.o(.data)
    exp_height                               0x2000a75c   Data           4  height_ctrl.o(.data)
    exp_height_check                         0x2000a760   Data           4  height_ctrl.o(.data)
    exp_height_front                         0x2000a764   Data           4  height_ctrl.o(.data)
    exp_height_back                          0x2000a768   Data           4  height_ctrl.o(.data)
    exp_height_home                          0x2000a76c   Data           4  height_ctrl.o(.data)
    exp_height_shoot_off                     0x2000a770   Data           4  height_ctrl.o(.data)
    exp_height_head                          0x2000a774   Data           4  height_ctrl.o(.data)
    exp_height_head_scan                     0x2000a778   Data           4  height_ctrl.o(.data)
    exp_height_head_shoot                    0x2000a77c   Data           4  height_ctrl.o(.data)
    exp_height_head_check                    0x2000a780   Data           4  height_ctrl.o(.data)
    exp_height_map                           0x2000a784   Data           4  height_ctrl.o(.data)
    exp_height_map_to                        0x2000a788   Data           4  height_ctrl.o(.data)
    exp_height_speed_safe                    0x2000a78c   Data           4  height_ctrl.o(.data)
    exp_height_safe                          0x2000a790   Data           4  height_ctrl.o(.data)
    ultra_speed                              0x2000a794   Data           4  height_ctrl.o(.data)
    ultra_speed_safe                         0x2000a798   Data           4  height_ctrl.o(.data)
    ultra_dis_lpf                            0x2000a79c   Data           4  height_ctrl.o(.data)
    ultra_dis_lpf_safe                       0x2000a7a0   Data           4  height_ctrl.o(.data)
    ultra_ctrl_out_safe                      0x2000a7a4   Data           4  height_ctrl.o(.data)
    ultra_ctrl_out                           0x2000a7a8   Data           4  height_ctrl.o(.data)
    ultra_ctrl_out_head                      0x2000a7ac   Data           4  height_ctrl.o(.data)
    baro_speed                               0x2000a7b0   Data           4  height_ctrl.o(.data)
    height_ctrl_out                          0x2000a7b4   Data           4  height_ctrl.o(.data)
    height_ctrl_out_head                     0x2000a7b8   Data           4  height_ctrl.o(.data)
    wz_acc                                   0x2000a7bc   Data           4  height_ctrl.o(.data)
    adrc_out                                 0x2000a7c0   Data           4  height_ctrl.o(.data)
    baro_cnt                                 0x2000a7c4   Data           2  height_ctrl.o(.data)
    switch_r                                 0x2000a7c6   Data           1  height_ctrl.o(.data)
    wz_acc_ukf                               0x2000a7c8   Data           4  height_ctrl.o(.data)
    cnt_height                               0x2000a7cc   Data           1  height_ctrl.o(.data)
    out_timer_high                           0x2000a7d0   Data           4  height_ctrl.o(.data)
    in_timer_high                            0x2000a7d4   Data           4  height_ctrl.o(.data)
    p1                                       0x2000a7d8   Data           4  height_ctrl.o(.data)
    p2                                       0x2000a7dc   Data           4  height_ctrl.o(.data)
    speed_ctrl_sel                           0x2000a7e0   Data           1  height_ctrl.o(.data)
    wz_speed                                 0x2000a7e4   Data           4  height_ctrl.o(.data)
    wz_speed_old                             0x2000a7e8   Data           4  height_ctrl.o(.data)
    wz_acc_mms2                              0x2000a7ec   Data           4  height_ctrl.o(.data)
    height_thrv                              0x2000a7f0   Data           4  height_ctrl.o(.data)
    baro_ctrl_start                          0x2000a7f4   Data           1  height_ctrl.o(.data)
    baro_height                              0x2000a7f8   Data           4  height_ctrl.o(.data)
    baro_height_old                          0x2000a7fc   Data           4  height_ctrl.o(.data)
    ultra_sp_test                            0x2000a800   Data           8  height_ctrl.o(.data)
    RC_THR_HIGH                              0x2000a808   Data           4  height_ctrl.o(.data)
    Pitch_Follow_Dead                        0x2000a80c   Data           2  height_ctrl.o(.data)
    dj_angle                                 0x2000a830   Data           4  att_control.o(.data)
    dj_angle_offset                          0x2000a834   Data          12  att_control.o(.data)
    dj_angle_set                             0x2000a840   Data           4  att_control.o(.data)
    nav                                      0x2000a844   Data           8  att_control.o(.data)
    GPS_angle                                0x2000a84c   Data           8  att_control.o(.data)
    target_position                          0x2000a854   Data           8  att_control.o(.data)
    target_position_task_s                   0x2000a85c   Data           8  att_control.o(.data)
    target_position_task_e                   0x2000a864   Data           8  att_control.o(.data)
    target_position_task_b                   0x2000a86c   Data           8  att_control.o(.data)
    now_position                             0x2000a874   Data           8  att_control.o(.data)
    actual_speed                             0x2000a87c   Data           8  att_control.o(.data)
    tar_speed                                0x2000a884   Data           8  att_control.o(.data)
    tar_speed_avoidc                         0x2000a88c   Data           8  att_control.o(.data)
    d_flow_watch                             0x2000a894   Data           8  att_control.o(.data)
    integrator                               0x2000a89c   Data           8  att_control.o(.data)
    flow_control_out                         0x2000a8a4   Data           4  att_control.o(.data)
    flow_k                                   0x2000a8a8   Data           4  att_control.o(.data)
    YAW_NO_HEAD                              0x2000a8ac   Data           4  att_control.o(.data)
    except_A_SB                              0x2000a8b0   Data           8  att_control.o(.data)
    except_A_SB_lft                          0x2000a8b8   Data           8  att_control.o(.data)
    nav_angle                                0x2000a8c0   Data           8  att_control.o(.data)
    scale_lf_sb                              0x2000a8c8   Data           4  att_control.o(.data)
    scale_lf_nav                             0x2000a8cc   Data           4  att_control.o(.data)
    px_v                                     0x2000a8d0   Data           4  att_control.o(.data)
    ix_v                                     0x2000a8d4   Data           4  att_control.o(.data)
    yaw_ctrl_out                             0x2000a8d8   Data           4  att_control.o(.data)
    Yaw_set_dji                              0x2000a8dc   Data           4  att_control.o(.data)
    baro_to_ground                           0x2000a8e0   Data           4  att_control.o(.data)
    baro_ground_off                          0x2000a8e4   Data           4  att_control.o(.data)
    thr_value                                0x2000a8e8   Data           4  att_control.o(.data)
    Thr_Low                                  0x2000a8ec   Data           1  att_control.o(.data)
    force_Thr_low                            0x2000a8ed   Data           1  att_control.o(.data)
    Thr_Weight                               0x2000a8f0   Data           4  att_control.o(.data)
    thr_test                                 0x2000a8f4   Data           4  att_control.o(.data)
    init_circle_search                       0x2000a8f8   Data           1  att_control.o(.data)
    nav_land_miss                            0x2000a8fc   Data           8  att_control.o(.data)
    Rate_Max_num                             0x2000a904   Data           1  att_control.o(.data)
    mode_change                              0x2000a905   Data           1  att_control.o(.data)
    state_pass                               0x2000a906   Data           1  att_control.o(.data)
    AUTO_UP_CUARVE                           0x2000a908   Data          18  att_control.o(.data)
    AUTO_DOWN_CUARVE                         0x2000a91a   Data          12  att_control.o(.data)
    AUTO_DOWN_CUARVE1                        0x2000a926   Data          12  att_control.o(.data)
    SONAR_SET_HIGHT                          0x2000a934   Data           4  att_control.o(.data)
    AUTO_FLY_HEIGHT                          0x2000a938   Data           4  att_control.o(.data)
    SONAR_CHECK_DEAD                         0x2000a93c   Data           4  att_control.o(.data)
    AUTO_LAND_HEIGHT_1                       0x2000a940   Data           4  att_control.o(.data)
    AUTO_LAND_HEIGHT_2                       0x2000a944   Data           4  att_control.o(.data)
    AUTO_LAND_HEIGHT_3                       0x2000a948   Data           4  att_control.o(.data)
    MINE_LAND_HIGH                           0x2000a94c   Data           4  att_control.o(.data)
    AUTO_LAND_SPEED_DEAD                     0x2000a950   Data           4  att_control.o(.data)
    state_v                                  0x2000a954   Data           1  att_control.o(.data)
    baro_ground_high                         0x2000a958   Data           4  att_control.o(.data)
    nav_land                                 0x2000a95c   Data           8  att_control.o(.data)
    AVOID                                    0x2000a964   Data           8  att_control.o(.data)
    cnt_shoot                                0x2000a96c   Data           1  att_control.o(.data)
    force_check                              0x2000a96d   Data           1  att_control.o(.data)
    force_check_pass                         0x2000a96e   Data           1  att_control.o(.data)
    tar_need_to_check_odroid                 0x2000a96f   Data           3  att_control.o(.data)
    tar_cnt                                  0x2000a972   Data           1  att_control.o(.data)
    over_time                                0x2000a973   Data           1  att_control.o(.data)
    time_fly                                 0x2000a974   Data           4  att_control.o(.data)
    m100_gps_in                              0x2000a978   Data           1  att_control.o(.data)
    dead_pix_check                           0x2000a97c   Data           4  att_control.o(.data)
    CHECK_OVER_TIME                          0x2000a980   Data           4  att_control.o(.data)
    MAX_TRACK_TIME                           0x2000a984   Data           4  att_control.o(.data)
    MAX_SHOOT_TIME                           0x2000a988   Data           4  att_control.o(.data)
    SHOOTING_TIME                            0x2000a98c   Data           4  att_control.o(.data)
    SHOOTING_TIME_CHECK                      0x2000a990   Data           4  att_control.o(.data)
    T_SHOOT_CHECK                            0x2000a994   Data           4  att_control.o(.data)
    STATE_OVER_TIME_MAX                      0x2000a998   Data          40  att_control.o(.data)
    FORCE_LAND_TIME                          0x2000a9c0   Data           4  att_control.o(.data)
    FORCE_HOME_TIME                          0x2000a9c4   Data           4  att_control.o(.data)
    fake_target                              0x2000a9c8   Data           9  att_control.o(.data)
    fake_target_force                        0x2000a9d1   Data           1  att_control.o(.data)
    fake_target_flag                         0x2000a9d2   Data           1  att_control.o(.data)
    shoot_finish_cnt                         0x2000a9d3   Data           1  att_control.o(.data)
    nav_circle                               0x2000aa28   Data           8  circle.o(.data)
    nav_circle_last                          0x2000aa30   Data           8  circle.o(.data)
    pix_ero                                  0x2000aa38   Data           4  circle.o(.data)
    map_correct_step                         0x2000aa3c   Data           4  circle.o(.data)
    map_dead_cnt                             0x2000aa40   Data           2  circle.o(.data)
    qr_gps_pos                               0x2000aa48   Data          16  circle.o(.data)
    get_qr_pos                               0x2000aa58   Data           1  circle.o(.data)
    qr_pos_off                               0x2000aa5c   Data           8  circle.o(.data)
    drone_local_pos                          0x2000aa64   Data           8  circle.o(.data)
    tar_drone_local_pos                      0x2000aa6c   Data           8  circle.o(.data)
    nav_gps                                  0x2000aa74   Data           8  circle.o(.data)
    lon                                      0x2000aa80   Data           8  circle.o(.data)
    lat                                      0x2000aa88   Data           8  circle.o(.data)
    flt_gps                                  0x2000aa90   Data           4  circle.o(.data)
    MAX_GPS                                  0x2000aa94   Data           2  circle.o(.data)
    gps_target_change                        0x2000aa96   Data           1  circle.o(.data)
    home_point                               0x2000aa98   Data          16  circle.o(.data)
    check_way_point                          0x2000aaa8   Data          16  circle.o(.data)
    way_point                                0x2000aab8   Data          32  circle.o(.data)
    tar_point_globle                         0x2000aad8   Data          16  circle.o(.data)
    tar_point_globler                        0x2000aae8   Data          16  circle.o(.data)
    gps_local_cor_zero                       0x2000aaf8   Data          16  circle.o(.data)
    state_set_point                          0x2000ab08   Data           1  circle.o(.data)
    set_point1                               0x2000ab09   Data           1  circle.o(.data)
    fast_atan_table                          0x2000ab30   Data        1028  my_math.o(.data)
    altUkfData                               0x2000af34   Data           8  alt_kf.o(.data)
    altUkfData_sonar                         0x2000af3c   Data           8  alt_kf.o(.data)
    altUkfData_bmp                           0x2000af44   Data           8  alt_kf.o(.data)
    heapUsed                                 0x2000af4c   Data           4  alt_kf.o(.data)
    heapHighWater                            0x2000af50   Data           4  alt_kf.o(.data)
    dataSramUsed                             0x2000af54   Data           4  alt_kf.o(.data)
    ALT_PRES_NOISE                           0x2000af58   Data           4  alt_kf.o(.data)
    ALT_BIAS_NOISE                           0x2000af5c   Data           4  alt_kf.o(.data)
    ALT_VEL_NOISE                            0x2000af60   Data           4  alt_kf.o(.data)
    ALT_PRES_NOISE_SONAR                     0x2000af64   Data           4  alt_kf.o(.data)
    ALT_BIAS_NOISE_BMP                       0x2000af68   Data           4  alt_kf.o(.data)
    ALT_VEL_NOISE_BMP                        0x2000af6c   Data           4  alt_kf.o(.data)
    ALT_POS_SONAR2                           0x2000af70   Data           4  alt_kf.o(.data)
    ALT_POS_SONAR3                           0x2000af74   Data           4  alt_kf.o(.data)
    sonar_h_cnt                              0x2000af78   Data           4  alt_kf.o(.data)
    sonar_temp                               0x2000af7c   Data           4  alt_kf.o(.data)
    K_SONAR                                  0x2000af80   Data           4  alt_kf.o(.data)
    ALT_VEL_BMP_EKF                          0x2000af84   Data           4  alt_kf.o(.data)
    POS_SONAR_TEST                           0x2000af88   Data           4  alt_kf.o(.data)
    Roll                                     0x2000af98   Data           4  imu.o(.data)
    Pitch                                    0x2000af9c   Data           4  imu.o(.data)
    Yaw                                      0x2000afa0   Data           4  imu.o(.data)
    ref_q                                    0x2000afa4   Data          16  imu.o(.data)
    norm_acc                                 0x2000afb4   Data           4  imu.o(.data)
    norm_q                                   0x2000afb8   Data           4  imu.o(.data)
    norm_acc_lpf                             0x2000afbc   Data           4  imu.o(.data)
    test_flag                                0x2000afc0   Data          12  imu.o(.data)
    imu_sel                                  0x2000afcc   Data           1  imu.o(.data)
    q0                                       0x2000afd0   Data           4  imu.o(.data)
    q1                                       0x2000afd4   Data           4  imu.o(.data)
    q2                                       0x2000afd8   Data           4  imu.o(.data)
    q3                                       0x2000afdc   Data           4  imu.o(.data)
    exInt                                    0x2000afe0   Data           4  imu.o(.data)
    eyInt                                    0x2000afe4   Data           4  imu.o(.data)
    ezInt                                    0x2000afe8   Data           4  imu.o(.data)
    Yaw1                                     0x2000afec   Data           4  imu.o(.data)
    Pitch1                                   0x2000aff0   Data           4  imu.o(.data)
    Roll1                                    0x2000aff4   Data           4  imu.o(.data)
    accConfidenceDecay                       0x2000aff8   Data           4  imu.o(.data)
    accConfidence                            0x2000affc   Data           4  imu.o(.data)
    mag_norm                                 0x2000b000   Data           4  imu.o(.data)
    mag_norm_xyz                             0x2000b004   Data           4  imu.o(.data)
    yaw_mag                                  0x2000b008   Data           4  imu.o(.data)
    Kp_use                                   0x2000b00c   Data           4  imu.o(.data)
    MEMS_TASK_STK                            0x2000b01c   Data         512  ucos_task.o(.bss)
    INNER_TASK_STK                           0x2000b21c   Data         768  ucos_task.o(.bss)
    Rc_Pwm_In                                0x2000b51c   Data          16  ucos_task.o(.bss)
    set_angle_dj                             0x2000b52c   Data          12  ucos_task.o(.bss)
    kd_dj                                    0x2000b538   Data          12  ucos_task.o(.bss)
    OUTER_TASK_STK                           0x2000b544   Data         768  ucos_task.o(.bss)
    NRF_TASK_STK                             0x2000b844   Data         768  ucos_task.o(.bss)
    BARO_TASK_STK                            0x2000bb44   Data         768  ucos_task.o(.bss)
    SONAR_TASK_STK                           0x2000be44   Data        2560  ucos_task.o(.bss)
    FLOW_TASK_STK                            0x2000c844   Data         768  ucos_task.o(.bss)
    acc_v                                    0x2000cb44   Data          12  ucos_task.o(.bss)
    acc_speed_arr                            0x2000cb50   Data         104  ucos_task.o(.bss)
    M100_TASK_STK                            0x2000cbb8   Data         768  ucos_task.o(.bss)
    UART_TASK_STK                            0x2000ceb8   Data         512  ucos_task.o(.bss)
    START_TASK_STK                           0x2000d0c4   Data         256  main.o(.bss)
    MsgGrp                                   0x2000d1c4   Data        1024  main.o(.bss)
    OSEventTbl                               0x2000d5c4   Data         200  os_core.o(.bss)
    OSFlagTbl                                0x2000d68c   Data          80  os_core.o(.bss)
    OSTaskStatStk                            0x2000d6dc   Data         512  os_core.o(.bss)
    OSTaskIdleStk                            0x2000d8dc   Data         512  os_core.o(.bss)
    OSTCBPrioTbl                             0x2000dadc   Data         256  os_core.o(.bss)
    OSTCBTbl                                 0x2000dbdc   Data        1848  os_core.o(.bss)
    OSQTbl                                   0x2000e314   Data         120  os_core.o(.bss)
    OSTmrTbl                                 0x2000e38c   Data         640  os_core.o(.bss)
    OSTmrTaskStk                             0x2000e60c   Data         512  os_core.o(.bss)
    OSTmrWheelTbl                            0x2000e80c   Data          64  os_core.o(.bss)
    FLASH_Buffer                             0x2000e84c   Data         240  flash.o(.bss)
    FLASH_READ_BUF                           0x2000e93c   Data         120  flash.o(.bss)
    pwm_tem_view                             0x2000ea74   Data          32  pwm_out.o(.bss)
    aux                                      0x2000ea94   Data         104  pwm_out.o(.bss)
    Cycle_T                                  0x2000eafc   Data         180  time.o(.bss)
    now_djr                                  0x2000ebb0   Data          16  ultrasonic.o(.bss)
    lastUpdate_djr                           0x2000ebc0   Data          16  ultrasonic.o(.bss)
    Rc_Pwm_Inr_mine                          0x2000ebd0   Data          32  pwm_inm.o(.bss)
    Rc_Pwm_In_mine                           0x2000ebf0   Data          32  pwm_inm.o(.bss)
    Rc_Pwm_Out_mine                          0x2000ec10   Data          32  pwm_inm.o(.bss)
    pwmin                                    0x2000ec30   Data          24  pwm_inm.o(.bss)
    now_dj                                   0x2000ec48   Data          32  pwm_inm.o(.bss)
    lastUpdate_dj                            0x2000ec68   Data          32  pwm_inm.o(.bss)
    RX_CH                                    0x2000ec88   Data          16  rc.o(.bss)
    RX_CH_FIX                                0x2000ec98   Data          16  rc.o(.bss)
    CH                                       0x2000eca8   Data          16  rc.o(.bss)
    CH_Old                                   0x2000ecb8   Data          32  rc.o(.bss)
    CH_filter                                0x2000ecd8   Data          32  rc.o(.bss)
    CH_filter_Old                            0x2000ecf8   Data          32  rc.o(.bss)
    CH_filter_D                              0x2000ed18   Data          32  rc.o(.bss)
    CLR_CH_Error                             0x2000ed38   Data          16  rc.o(.bss)
    Rx_Buf3                                  0x2000ed58   Data         256  usart_fc.o(.bss)
    RxBuffer3                                0x2000ee58   Data          50  usart_fc.o(.bss)
    color                                    0x2000ee8c   Data          20  usart_fc.o(.bss)
    qr                                       0x2000eea0   Data         180  usart_fc.o(.bss)
    HPID                                     0x2000ef54   Data          18  usart_fc.o(.bss)
    SPID                                     0x2000ef66   Data          18  usart_fc.o(.bss)
    FIX_PID                                  0x2000ef78   Data          18  usart_fc.o(.bss)
    NAV_PID                                  0x2000ef8a   Data          18  usart_fc.o(.bss)
    pid                                      0x2000ef9c   Data         224  usart_fc.o(.bss)
    Rc_Get                                   0x2000f07c   Data          34  usart_fc.o(.bss)
    plane                                    0x2000f0a0   Data         116  usart_fc.o(.bss)
    slam                                     0x2000f114   Data          20  usart_fc.o(.bss)
    imu_nav                                  0x2000f128   Data         108  usart_fc.o(.bss)
    mode                                     0x2000f194   Data          80  usart_fc.o(.bss)
    TxBuffer                                 0x2000f1e4   Data         256  usart_fc.o(.bss)
    Rx_Buf                                   0x2000f2e4   Data         256  usart_fc.o(.bss)
    RxBuffer                                 0x2000f3e4   Data          50  usart_fc.o(.bss)
    Tx5Buffer                                0x2000f416   Data         256  usart_fc.o(.bss)
    rx_uart5                                 0x2000f516   Data          20  usart_fc.o(.bss)
    gpsx                                     0x2000f52a   Data         126  usart_fc.o(.bss)
    gps_data                                 0x2000f5a8   Data         126  usart_fc.o(.bss)
    Rc_Get_PWM                               0x2000f626   Data          34  usart_fc.o(.bss)
    Rc_Get_SBUS                              0x2000f648   Data          34  usart_fc.o(.bss)
    TxBuffer4                                0x2000f66a   Data         256  usart_fc.o(.bss)
    Rx_Buf4                                  0x2000f76a   Data         256  usart_fc.o(.bss)
    RxBuffer4                                0x2000f86a   Data          50  usart_fc.o(.bss)
    laser_o                                  0x2000f89c   Data          10  usart_fc.o(.bss)
    Rx_Buf41                                 0x2000f8a6   Data         256  usart_fc.o(.bss)
    RxBuffer41                               0x2000f9a6   Data          50  usart_fc.o(.bss)
    SendBuff1                                0x2000f9d8   Data          96  usart_fc.o(.bss)
    BLE_DEBUG                                0x2000fa38   Data          32  usart_fc.o(.bss)
    SendBuff2                                0x2000fa58   Data          40  usart_fc.o(.bss)
    SendBuff3                                0x2000fa80   Data          32  usart_fc.o(.bss)
    SendBuff4                                0x2000faa0   Data         192  usart_fc.o(.bss)
    sd_save                                  0x2000fb60   Data         300  usart_fc.o(.bss)
    flow                                     0x2000fc90   Data         104  usart_fc.o(.bss)
    flow_rad                                 0x2000fcf8   Data          48  usart_fc.o(.bss)
    flow_buf                                 0x2000fd28   Data          27  usart_fc.o(.bss)
    flow_buf_rad                             0x2000fd43   Data          45  usart_fc.o(.bss)
    f                                        0x2000fd88   Data          21  data_transfer.o(.bss)
    data_to_send                             0x2000fd9d   Data          50  data_transfer.o(.bss)
    test_up                                  0x2000fdd0   Data          20  data_transfer.o(.bss)
    mpu6050                                  0x2000fe20   Data         112  mpu6050.o(.bss)
    mpu6050_r                                0x2000fe90   Data         112  mpu6050.o(.bss)
    mpu6050_buffer                           0x2000ff00   Data          14  mpu6050.o(.bss)
    sum_temp                                 0x2000ff10   Data          28  mpu6050.o(.bss)
    FILT_BUF                                 0x20010110   Data         154  mpu6050.o(.bss)
    mpu6050_tmp                              0x200101ac   Data          28  mpu6050.o(.bss)
    mpu_fil_tmp                              0x200101c8   Data          28  mpu6050.o(.bss)
    acc_off                                  0x200101e4   Data          12  mpu6050.o(.bss)
    acc_scale                                0x200101f0   Data          12  mpu6050.o(.bss)
    wz_speed_pid_v                           0x20010208   Data          24  height_ctrl.o(.bss)
    wz_speed_pid_v_safe                      0x20010220   Data          24  height_ctrl.o(.bss)
    wz_speed_pid_v_eso                       0x20010238   Data          24  height_ctrl.o(.bss)
    ultra_ctrl                               0x20010250   Data          24  height_ctrl.o(.bss)
    ultra_ctrl_safe                          0x20010268   Data          24  height_ctrl.o(.bss)
    ultra_ctrl_head                          0x20010280   Data          24  height_ctrl.o(.bss)
    wz_speed_pid                             0x20010298   Data          12  height_ctrl.o(.bss)
    wz_speed_pid_safe                        0x200102a4   Data          12  height_ctrl.o(.bss)
    ultra_pid_safe                           0x200102b0   Data          12  height_ctrl.o(.bss)
    ultra_pid                                0x200102bc   Data          12  height_ctrl.o(.bss)
    ultra_pid_head                           0x200102c8   Data          12  height_ctrl.o(.bss)
    baro_speed_arr                           0x200102d4   Data          44  height_ctrl.o(.bss)
    ctrl_1                                   0x20010300   Data         196  att_control.o(.bss)
    ctrl_2                                   0x200103c4   Data         196  att_control.o(.bss)
    ctrl_2_fuzzy                             0x20010488   Data         196  att_control.o(.bss)
    except_A                                 0x2001054c   Data          12  att_control.o(.bss)
    except_AR                                0x20010558   Data          12  att_control.o(.bss)
    ctrl_angle_offset                        0x20010564   Data          12  att_control.o(.bss)
    compensation                             0x20010570   Data          12  att_control.o(.bss)
    except_AS                                0x2001057c   Data          12  att_control.o(.bss)
    g_old                                    0x20010588   Data          28  att_control.o(.bss)
    cnt                                      0x200105a4   Data          40  att_control.o(.bss)
    tar_buf                                  0x200105cc   Data          20  att_control.o(.bss)
    motor                                    0x200105e0   Data          16  att_control.o(.bss)
    posture_value                            0x200105f0   Data          16  att_control.o(.bss)
    curve                                    0x20010600   Data          16  att_control.o(.bss)
    circle                                   0x20010638   Data         180  circle.o(.bss)
    track                                    0x200106ec   Data         180  circle.o(.bss)
    mouse                                    0x200107a0   Data         180  circle.o(.bss)
    m100                                     0x20010854   Data          96  circle.o(.bss)
    target_map                               0x200108b4   Data         400  circle.o(.bss)
    qr_ctrl                                  0x20010a44   Data          48  circle.o(.bss)
    qr_pid                                   0x20010a74   Data          12  circle.o(.bss)
    qr_local_pos                             0x20010a80   Data          12  circle.o(.bss)
    qr_local_pos1                            0x20010a8c   Data          12  circle.o(.bss)
    navUkfData                               0x20010a98   Data        1112  circle.o(.bss)
    nav_Data                                 0x20010ef0   Data          28  circle.o(.bss)
    gps_ctrl                                 0x20010f0c   Data          48  circle.o(.bss)
    gps_pid                                  0x20010f3c   Data          12  circle.o(.bss)
    tar_pos_gps                              0x20010f48   Data          16  circle.o(.bss)
    tar_now_gps                              0x20010f58   Data          16  circle.o(.bss)
    med_filter_tmp                           0x20010f68   Data        2400  fliter.o(.bss)
    med_filter_out                           0x200118c8   Data         120  fliter.o(.bss)
    med_fil_cnt                              0x20011940   Data          30  fliter.o(.bss)
    sonar_h_arr                              0x20011960   Data          24  alt_kf.o(.bss)
    q_nav                                    0x20011978   Data          16  imu.o(.bss)
    q_nav_r                                  0x20011988   Data          16  imu.o(.bss)
    reference_v                              0x20011998   Data          12  imu.o(.bss)
    ref                                      0x200119a4   Data          60  imu.o(.bss)
    reference_vr                             0x200119e0   Data          12  imu.o(.bss)
    mag_sim_3d                               0x200119ec   Data          12  imu.o(.bss)
    __libspace_start                         0x20011a04   Data          96  libspace.o(.bss)
    __temporary_stack_top$libspace           0x20011a64   Data           0  libspace.o(.bss)



==============================================================================

Memory Map of the image

  Image Entry point : 0x08000189

  Load Region LR_IROM1 (Base: 0x08000000, Size: 0x00035eb4, Max: 0x00100000, ABSOLUTE, COMPRESSED[0x0002b6e4])

    Execution Region ER_IROM1 (Base: 0x08000000, Size: 0x0002ae98, Max: 0x00100000, ABSOLUTE)

    Base Addr    Size         Type   Attr      Idx    E Section Name        Object

    0x08000000   0x00000188   Data   RO          431    RESET               startup_stm32f40_41xxx.o
    0x08000188   0x00000008   Code   RO         1865  * !!!main             c_w.l(__main.o)
    0x08000190   0x00000034   Code   RO         2277    !!!scatter          c_w.l(__scatter.o)
    0x080001c4   0x0000005a   Code   RO         2275    !!dczerorl2         c_w.l(__dczerorl2.o)
    0x0800021e   0x00000002   PAD
    0x08000220   0x0000001c   Code   RO         2279    !!handler_zi        c_w.l(__scatter_zi.o)
    0x0800023c   0x00000002   Code   RO         2197    .ARM.Collect$$libinit$$00000000  c_w.l(libinit.o)
    0x0800023e   0x00000004   Code   RO         2125    .ARM.Collect$$libinit$$00000001  c_w.l(libinit2.o)
    0x08000242   0x00000000   Code   RO         2128    .ARM.Collect$$libinit$$00000004  c_w.l(libinit2.o)
    0x08000242   0x00000000   Code   RO         2131    .ARM.Collect$$libinit$$0000000A  c_w.l(libinit2.o)
    0x08000242   0x00000000   Code   RO         2133    .ARM.Collect$$libinit$$0000000C  c_w.l(libinit2.o)
    0x08000242   0x00000000   Code   RO         2135    .ARM.Collect$$libinit$$0000000E  c_w.l(libinit2.o)
    0x08000242   0x00000000   Code   RO         2138    .ARM.Collect$$libinit$$00000011  c_w.l(libinit2.o)
    0x08000242   0x00000000   Code   RO         2140    .ARM.Collect$$libinit$$00000013  c_w.l(libinit2.o)
    0x08000242   0x00000000   Code   RO         2142    .ARM.Collect$$libinit$$00000015  c_w.l(libinit2.o)
    0x08000242   0x00000000   Code   RO         2144    .ARM.Collect$$libinit$$00000017  c_w.l(libinit2.o)
    0x08000242   0x00000000   Code   RO         2146    .ARM.Collect$$libinit$$00000019  c_w.l(libinit2.o)
    0x08000242   0x00000000   Code   RO         2148    .ARM.Collect$$libinit$$0000001B  c_w.l(libinit2.o)
    0x08000242   0x00000000   Code   RO         2150    .ARM.Collect$$libinit$$0000001D  c_w.l(libinit2.o)
    0x08000242   0x00000000   Code   RO         2152    .ARM.Collect$$libinit$$0000001F  c_w.l(libinit2.o)
    0x08000242   0x00000000   Code   RO         2154    .ARM.Collect$$libinit$$00000021  c_w.l(libinit2.o)
    0x08000242   0x00000000   Code   RO         2156    .ARM.Collect$$libinit$$00000023  c_w.l(libinit2.o)
    0x08000242   0x00000000   Code   RO         2158    .ARM.Collect$$libinit$$00000025  c_w.l(libinit2.o)
    0x08000242   0x00000000   Code   RO         2162    .ARM.Collect$$libinit$$0000002C  c_w.l(libinit2.o)
    0x08000242   0x00000000   Code   RO         2164    .ARM.Collect$$libinit$$0000002E  c_w.l(libinit2.o)
    0x08000242   0x00000000   Code   RO         2166    .ARM.Collect$$libinit$$00000030  c_w.l(libinit2.o)
    0x08000242   0x00000000   Code   RO         2168    .ARM.Collect$$libinit$$00000032  c_w.l(libinit2.o)
    0x08000242   0x00000002   Code   RO         2169    .ARM.Collect$$libinit$$00000033  c_w.l(libinit2.o)
    0x08000244   0x00000002   Code   RO         2272    .ARM.Collect$$libshutdown$$00000000  c_w.l(libshutdown.o)
    0x08000246   0x00000000   Code   RO         2226    .ARM.Collect$$libshutdown$$00000002  c_w.l(libshutdown2.o)
    0x08000246   0x00000000   Code   RO         2228    .ARM.Collect$$libshutdown$$00000004  c_w.l(libshutdown2.o)
    0x08000246   0x00000000   Code   RO         2231    .ARM.Collect$$libshutdown$$00000007  c_w.l(libshutdown2.o)
    0x08000246   0x00000000   Code   RO         2234    .ARM.Collect$$libshutdown$$0000000A  c_w.l(libshutdown2.o)
    0x08000246   0x00000000   Code   RO         2236    .ARM.Collect$$libshutdown$$0000000C  c_w.l(libshutdown2.o)
    0x08000246   0x00000000   Code   RO         2239    .ARM.Collect$$libshutdown$$0000000F  c_w.l(libshutdown2.o)
    0x08000246   0x00000002   Code   RO         2240    .ARM.Collect$$libshutdown$$00000010  c_w.l(libshutdown2.o)
    0x08000248   0x00000000   Code   RO         1991    .ARM.Collect$$rtentry$$00000000  c_w.l(__rtentry.o)
    0x08000248   0x00000000   Code   RO         2083    .ARM.Collect$$rtentry$$00000002  c_w.l(__rtentry2.o)
    0x08000248   0x00000006   Code   RO         2095    .ARM.Collect$$rtentry$$00000004  c_w.l(__rtentry4.o)
    0x0800024e   0x00000000   Code   RO         2085    .ARM.Collect$$rtentry$$00000009  c_w.l(__rtentry2.o)
    0x0800024e   0x00000004   Code   RO         2086    .ARM.Collect$$rtentry$$0000000A  c_w.l(__rtentry2.o)
    0x08000252   0x00000000   Code   RO         2088    .ARM.Collect$$rtentry$$0000000C  c_w.l(__rtentry2.o)
    0x08000252   0x00000008   Code   RO         2089    .ARM.Collect$$rtentry$$0000000D  c_w.l(__rtentry2.o)
    0x0800025a   0x00000002   Code   RO         2207    .ARM.Collect$$rtexit$$00000000  c_w.l(rtexit.o)
    0x0800025c   0x00000000   Code   RO         2246    .ARM.Collect$$rtexit$$00000002  c_w.l(rtexit2.o)
    0x0800025c   0x00000004   Code   RO         2247    .ARM.Collect$$rtexit$$00000003  c_w.l(rtexit2.o)
    0x08000260   0x00000006   Code   RO         2248    .ARM.Collect$$rtexit$$00000004  c_w.l(rtexit2.o)
    0x08000266   0x00000002   PAD
    0x08000268   0x00003704   Code   RO            3    .text               ucos_task.o
    0x0800396c   0x00000468   Code   RO          313    .text               main.o
    0x08003dd4   0x00000016   Code   RO          356    .text               stm32f4xx_it.o
    0x08003dea   0x00000002   PAD
    0x08003dec   0x00000210   Code   RO          405    .text               system_stm32f4xx.o
    0x08003ffc   0x00000040   Code   RO          432    .text               startup_stm32f40_41xxx.o
    0x0800403c   0x00000108   Code   RO          438    .text               delay.o
    0x08004144   0x000000e0   Code   RO          478    .text               misc.o
    0x08004224   0x00000294   Code   RO          498    .text               stm32f4xx_gpio.o
    0x080044b8   0x0000065c   Code   RO          541    .text               stm32f4xx_rcc.o
    0x08004b14   0x00000094   Code   RO          563    .text               stm32f4xx_syscfg.o
    0x08004ba8   0x00000454   Code   RO          583    .text               stm32f4xx_usart.o
    0x08004ffc   0x00000ca2   Code   RO          603    .text               stm32f4xx_tim.o
    0x08005c9e   0x00000002   PAD
    0x08005ca0   0x00000694   Code   RO          623    .text               stm32f4xx_flash.o
    0x08006334   0x00000110   Code   RO          643    .text               stm32f4xx_exti.o
    0x08006444   0x000003a8   Code   RO          703    .text               stm32f4xx_dma.o
    0x080067ec   0x000000a0   Code   RO          723    .text               stm32f4xx_rng.o
    0x0800688c   0x00000894   Code   RO          743    .text               os_core.o
    0x08007120   0x0000080c   Code   RO          771    .text               os_flag.o
    0x0800792c   0x000003cc   Code   RO          791    .text               os_mbox.o
    0x08007cf8   0x000005e8   Code   RO          845    .text               os_q.o
    0x080082e0   0x0000038c   Code   RO          865    .text               os_sem.o
    0x0800866c   0x000007c4   Code   RO          885    .text               os_task.o
    0x08008e30   0x000001b0   Code   RO          905    .text               os_time.o
    0x08008fe0   0x00000634   Code   RO          925    .text               os_tmr.o
    0x08009614   0x000000c8   Code   RO          943    .text               os_cpu_a.o
    0x080096dc   0x000001e8   Code   RO          948    .text               os_cpu_c.o
    0x080098c4   0x00000424   Code   RO          978    .text               iic_fc.o
    0x08009ce8   0x00000bf4   Code   RO          998    .text               flash.o
    0x0800a8dc   0x00000504   Code   RO         1028    .text               led_fc.o
    0x0800ade0   0x000002d8   Code   RO         1055    .text               parameter.o
    0x0800b0b8   0x00000a14   Code   RO         1079    .text               pwm_out.o
    0x0800bacc   0x00000164   Code   RO         1132    .text               time.o
    0x0800bc30   0x000009d8   Code   RO         1163    .text               ultrasonic.o
    0x0800c608   0x000000e8   Code   RO         1197    .text               dma.o
    0x0800c6f0   0x00000a7c   Code   RO         1217    .text               pwm_inm.o
    0x0800d16c   0x0000006c   Code   RO         1252    .text               rng.o
    0x0800d1d8   0x00000420   Code   RO         1272    .text               flow.o
    0x0800d5f8   0x000003a8   Code   RO         1314    .text               iic_soft.o
    0x0800d9a0   0x00000618   Code   RO         1368    .text               rc.o
    0x0800dfb8   0x00004734   Code   RO         1395    .text               usart_fc.o
    0x080126ec   0x00002e18   Code   RO         1443    .text               data_transfer.o
    0x08015504   0x00000584   Code   RO         1476    .text               m100.o
    0x08015a88   0x000009d4   Code   RO         1520    .text               mpu6050.o
    0x0801645c   0x00000758   Code   RO         1547    .text               ms5611_2.o
    0x08016bb4   0x00000e5c   Code   RO         1574    .text               height_ctrl.o
    0x08017a10   0x0000a438   Code   RO         1610    .text               att_control.o
    0x08021e48   0x00003204   Code   RO         1646    .text               circle.o
    0x0802504c   0x00000398   Code   RO         1686    .text               fliter.o
    0x080253e4   0x000005b4   Code   RO         1710    .text               my_math.o
    0x08025998   0x000015bc   Code   RO         1733    .text               alt_kf.o
    0x08026f54   0x00000b84   Code   RO         1776    .text               imu.o
    0x08027ad8   0x0000004e   Code   RO         1805    .text               c_w.l(h1_free.o)
    0x08027b26   0x00000048   Code   RO         1859    .text               c_w.l(llsdiv.o)
    0x08027b6e   0x0000004e   Code   RO         1861    .text               c_w.l(rt_memclr_w.o)
    0x08027bbc   0x00000006   Code   RO         1863    .text               c_w.l(heapauxi.o)
    0x08027bc2   0x00000002   PAD
    0x08027bc4   0x00000008   Code   RO         1995    .text               c_w.l(rt_heap_descriptor_intlibspace.o)
    0x08027bcc   0x000000ee   Code   RO         2019    .text               c_w.l(lludivv7m.o)
    0x08027cba   0x00000016   Code   RO         2021    .text               c_w.l(_rserrno.o)
    0x08027cd0   0x00000008   Code   RO         2079    .text               c_w.l(libspace.o)
    0x08027cd8   0x00000008   Code   RO         2104    .text               c_w.l(rt_errno_addr_intlibspace.o)
    0x08027ce0   0x0000004a   Code   RO         2174    .text               c_w.l(sys_stackheap_outer.o)
    0x08027d2a   0x00000012   Code   RO         2184    .text               c_w.l(exit.o)
    0x08027d3c   0x0000000c   Code   RO         2202    .text               c_w.l(sys_exit.o)
    0x08027d48   0x00000002   Code   RO         2204    .text               c_w.l(use_no_semi.o)
    0x08027d4a   0x00000000   Code   RO         2206    .text               c_w.l(indicate_semi.o)
    0x08027d4a   0x00000030   Code   RO         2057    i.__ARM_fpclassify  m_wm.l(fpclassify.o)
    0x08027d7a   0x00000006   PAD
    0x08027d80   0x00000360   Code   RO         1907    i.__hardfp_asin     m_wm.l(asin.o)
    0x080280e0   0x000000c8   Code   RO         1921    i.__hardfp_cos      m_wm.l(cos.o)
    0x080281a8   0x00000014   Code   RO         1933    i.__hardfp_fabs     m_wm.l(fabs.o)
    0x080281bc   0x00000004   PAD
    0x080281c0   0x00000c50   Code   RO         1939    i.__hardfp_pow      m_wm.l(pow.o)
    0x08028e10   0x000000c8   Code   RO         1953    i.__hardfp_sin      m_wm.l(sin.o)
    0x08028ed8   0x0000007a   Code   RO         1965    i.__hardfp_sqrt     m_wm.l(sqrt.o)
    0x08028f52   0x00000006   PAD
    0x08028f58   0x00000080   Code   RO         1977    i.__hardfp_tan      m_wm.l(tan.o)
    0x08028fd8   0x00000438   Code   RO         2062    i.__ieee754_rem_pio2  m_wm.l(rred.o)
    0x08029410   0x00000170   Code   RO         2040    i.__kernel_cos      m_wm.l(cos_i.o)
    0x08029580   0x000000f8   Code   RO         2059    i.__kernel_poly     m_wm.l(poly.o)
    0x08029678   0x00000130   Code   RO         2067    i.__kernel_sin      m_wm.l(sin_i.o)
    0x080297a8   0x00000350   Code   RO         2073    i.__kernel_tan      m_wm.l(tan_i.o)
    0x08029af8   0x00000030   Code   RO         2043    i.__mathlib_dbl_divzero  m_wm.l(dunder.o)
    0x08029b28   0x00000014   Code   RO         2044    i.__mathlib_dbl_infnan  m_wm.l(dunder.o)
    0x08029b3c   0x00000014   Code   RO         2045    i.__mathlib_dbl_infnan2  m_wm.l(dunder.o)
    0x08029b50   0x00000020   Code   RO         2046    i.__mathlib_dbl_invalid  m_wm.l(dunder.o)
    0x08029b70   0x00000020   Code   RO         2047    i.__mathlib_dbl_overflow  m_wm.l(dunder.o)
    0x08029b90   0x00000020   Code   RO         2049    i.__mathlib_dbl_underflow  m_wm.l(dunder.o)
    0x08029bb0   0x00000018   Code   RO         1935    i.fabs              m_wm.l(fabs.o)
    0x08029bc8   0x0000006e   Code   RO         1967    i.sqrt              m_wm.l(sqrt.o)
    0x08029c36   0x00000018   Code   RO         1867    x$fpl$basic         fz_wm.l(basic.o)
    0x08029c4e   0x00000002   PAD
    0x08029c50   0x00000062   Code   RO         1869    x$fpl$d2f           fz_wm.l(d2f.o)
    0x08029cb2   0x00000002   PAD
    0x08029cb4   0x00000150   Code   RO         1871    x$fpl$dadd          fz_wm.l(daddsub_clz.o)
    0x08029e04   0x00000010   Code   RO         2170    x$fpl$dcheck1       fz_wm.l(dcheck1.o)
    0x08029e14   0x00000018   Code   RO         2025    x$fpl$dcmpinf       fz_wm.l(dcmpi.o)
    0x08029e2c   0x000002b0   Code   RO         1878    x$fpl$ddiv          fz_wm.l(ddiv.o)
    0x0802a0dc   0x00000078   Code   RO         1881    x$fpl$deqf          fz_wm.l(deqf.o)
    0x0802a154   0x0000005e   Code   RO         1883    x$fpl$dfix          fz_wm.l(dfix.o)
    0x0802a1b2   0x00000002   PAD
    0x0802a1b4   0x0000005a   Code   RO         1887    x$fpl$dfixu         fz_wm.l(dfixu.o)
    0x0802a20e   0x0000002e   Code   RO         1892    x$fpl$dflt          fz_wm.l(dflt_clz.o)
    0x0802a23c   0x00000026   Code   RO         1891    x$fpl$dfltu         fz_wm.l(dflt_clz.o)
    0x0802a262   0x00000002   PAD
    0x0802a264   0x00000078   Code   RO         1897    x$fpl$dleqf         fz_wm.l(dleqf.o)
    0x0802a2dc   0x00000154   Code   RO         1899    x$fpl$dmul          fz_wm.l(dmul.o)
    0x0802a430   0x0000009c   Code   RO         2027    x$fpl$dnaninf       fz_wm.l(dnaninf.o)
    0x0802a4cc   0x0000000c   Code   RO         2029    x$fpl$dretinf       fz_wm.l(dretinf.o)
    0x0802a4d8   0x0000006c   Code   RO         1901    x$fpl$drleqf        fz_wm.l(drleqf.o)
    0x0802a544   0x00000016   Code   RO         1872    x$fpl$drsb          fz_wm.l(daddsub_clz.o)
    0x0802a55a   0x00000002   PAD
    0x0802a55c   0x00000198   Code   RO         2031    x$fpl$dsqrt         fz_wm.l(dsqrt_umaal.o)
    0x0802a6f4   0x000001d4   Code   RO         1873    x$fpl$dsub          fz_wm.l(daddsub_clz.o)
    0x0802a8c8   0x00000056   Code   RO         1903    x$fpl$f2d           fz_wm.l(f2d.o)
    0x0802a91e   0x00000060   Code   RO         1905    x$fpl$ffltll        fz_wm.l(ffltll_clz.o)
    0x0802a97e   0x0000008c   Code   RO         2033    x$fpl$fnaninf       fz_wm.l(fnaninf.o)
    0x0802aa0a   0x0000000a   Code   RO         2198    x$fpl$fpinit        fz_wm.l(fpinit.o)
    0x0802aa14   0x0000000a   Code   RO         2035    x$fpl$fretinf       fz_wm.l(fretinf.o)
    0x0802aa1e   0x00000064   Code   RO         2200    x$fpl$retnan        fz_wm.l(retnan.o)
    0x0802aa82   0x0000005c   Code   RO         2037    x$fpl$scalbn        fz_wm.l(scalbn.o)
    0x0802aade   0x00000030   Code   RO         2241    x$fpl$trapveneer    fz_wm.l(trapv.o)
    0x0802ab0e   0x00000000   Code   RO         2039    x$fpl$usenofp       fz_wm.l(usenofp.o)
    0x0802ab0e   0x00000002   PAD
    0x0802ab10   0x00000008   Data   RO            5    .constdata          ucos_task.o
    0x0802ab18   0x00000100   Data   RO          745    .constdata          os_core.o
    0x0802ac18   0x00000050   Data   RO         1910    .constdata          m_wm.l(asin.o)
    0x0802ac68   0x00000088   Data   RO         1942    .constdata          m_wm.l(pow.o)
    0x0802acf0   0x00000030   Data   RO         2041    .constdata          m_wm.l(cos_i.o)
    0x0802ad20   0x00000008   Data   RO         2061    .constdata          m_wm.l(qnan.o)
    0x0802ad28   0x000000c8   Data   RO         2064    .constdata          m_wm.l(rred.o)
    0x0802adf0   0x00000028   Data   RO         2068    .constdata          m_wm.l(sin_i.o)
    0x0802ae18   0x00000060   Data   RO         2074    .constdata          m_wm.l(tan_i.o)
    0x0802ae78   0x00000020   Data   RO         2273    Region$$Table       anon$$obj.o


    Execution Region RW_IRAM1 (Base: 0x20000000, Size: 0x00012068, Max: 0x00020000, ABSOLUTE, COMPRESSED[0x0000084c])

    Base Addr    Size         Type   Attr      Idx    E Section Name        Object

    0x20000000   0x0000a000   Data   RW         1735    .ccm                alt_kf.o
    0x2000a000   0x000001f5   Data   RW            6    .data               ucos_task.o
    0x2000a1f5   0x00000003   PAD
    0x2000a1f8   0x0000000d   Data   RW          315    .data               main.o
    0x2000a205   0x00000003   PAD
    0x2000a208   0x00000014   Data   RW          406    .data               system_stm32f4xx.o
    0x2000a21c   0x00000004   Data   RW          439    .data               delay.o
    0x2000a220   0x00000010   Data   RW          542    .data               stm32f4xx_rcc.o
    0x2000a230   0x0000005c   Data   RW          746    .data               os_core.o
    0x2000a28c   0x00000006   Data   RW          949    .data               os_cpu_c.o
    0x2000a292   0x0000000e   Data   RW         1029    .data               led_fc.o
    0x2000a2a0   0x00000019   Data   RW         1081    .data               pwm_out.o
    0x2000a2b9   0x00000003   PAD
    0x2000a2bc   0x00000014   Data   RW         1134    .data               time.o
    0x2000a2d0   0x00000090   Data   RW         1165    .data               ultrasonic.o
    0x2000a360   0x00000036   Data   RW         1219    .data               pwm_inm.o
    0x2000a396   0x00000002   PAD
    0x2000a398   0x000000a0   Data   RW         1274    .data               flow.o
    0x2000a438   0x00000001   Data   RW         1315    .data               iic_soft.o
    0x2000a439   0x00000003   PAD
    0x2000a43c   0x00000047   Data   RW         1370    .data               rc.o
    0x2000a483   0x00000001   PAD
    0x2000a484   0x000000f8   Data   RW         1397    .data               usart_fc.o
    0x2000a57c   0x00000028   Data   RW         1445    .data               data_transfer.o
    0x2000a5a4   0x00000010   Data   RW         1477    .data               m100.o
    0x2000a5b4   0x00000032   Data   RW         1499    .data               hml_sample.o
    0x2000a5e6   0x00000002   PAD
    0x2000a5e8   0x000000dd   Data   RW         1522    .data               mpu6050.o
    0x2000a6c5   0x00000003   PAD
    0x2000a6c8   0x00000081   Data   RW         1549    .data               ms5611_2.o
    0x2000a749   0x00000003   PAD
    0x2000a74c   0x000000e4   Data   RW         1576    .data               height_ctrl.o
    0x2000a830   0x000001f7   Data   RW         1612    .data               att_control.o
    0x2000aa27   0x00000001   PAD
    0x2000aa28   0x000000fa   Data   RW         1648    .data               circle.o
    0x2000ab22   0x00000002   PAD
    0x2000ab24   0x0000000c   Data   RW         1688    .data               fliter.o
    0x2000ab30   0x00000404   Data   RW         1711    .data               my_math.o
    0x2000af34   0x00000064   Data   RW         1736    .data               alt_kf.o
    0x2000af98   0x00000084   Data   RW         1778    .data               imu.o
    0x2000b01c   0x000020a8   Zero   RW            4    .bss                ucos_task.o
    0x2000d0c4   0x00000500   Zero   RW          314    .bss                main.o
    0x2000d5c4   0x00001288   Zero   RW          744    .bss                os_core.o
    0x2000e84c   0x00000168   Zero   RW          999    .bss                flash.o
    0x2000e9b4   0x000000c0   Zero   RW         1056    .bss                parameter.o
    0x2000ea74   0x00000088   Zero   RW         1080    .bss                pwm_out.o
    0x2000eafc   0x000000b4   Zero   RW         1133    .bss                time.o
    0x2000ebb0   0x00000020   Zero   RW         1164    .bss                ultrasonic.o
    0x2000ebd0   0x000000b8   Zero   RW         1218    .bss                pwm_inm.o
    0x2000ec88   0x000000d0   Zero   RW         1369    .bss                rc.o
    0x2000ed58   0x00001030   Zero   RW         1396    .bss                usart_fc.o
    0x2000fd88   0x00000098   Zero   RW         1444    .bss                data_transfer.o
    0x2000fe20   0x000003dc   Zero   RW         1521    .bss                mpu6050.o
    0x200101fc   0x0000000c   Zero   RW         1548    .bss                ms5611_2.o
    0x20010208   0x000000f8   Zero   RW         1575    .bss                height_ctrl.o
    0x20010300   0x00000334   Zero   RW         1611    .bss                att_control.o
    0x20010634   0x00000004   PAD
    0x20010638   0x00000930   Zero   RW         1647    .bss                circle.o
    0x20010f68   0x000009f6   Zero   RW         1687    .bss                fliter.o
    0x2001195e   0x00000002   PAD
    0x20011960   0x00000018   Zero   RW         1734    .bss                alt_kf.o
    0x20011978   0x0000008c   Zero   RW         1777    .bss                imu.o
    0x20011a04   0x00000060   Zero   RW         2080    .bss                c_w.l(libspace.o)
    0x20011a64   0x00000004   PAD
    0x20011a68   0x00000200   Zero   RW          430    HEAP                startup_stm32f40_41xxx.o
    0x20011c68   0x00000400   Zero   RW          429    STACK               startup_stm32f40_41xxx.o


==============================================================================

Image component sizes


      Code (inc. data)   RO Data    RW Data    ZI Data      Debug   Object Name

      5564        128          0      41060         24      27626   alt_kf.o
     42040       4148          0        503        820      23101   att_control.o
     12804        938          0        250       2352      20723   circle.o
     11800        502          0         40        152      18504   data_transfer.o
       264         18          0          4          0       1419   delay.o
       232          4          0          0          0       1464   dma.o
      3060        170          0          0        360       3420   flash.o
       920         32          0         12       2550       3280   fliter.o
      1056        132          0        160          0       2131   flow.o
      3676        480          0        228        248       7723   height_ctrl.o
         0          0          0         50          0       1033   hml_sample.o
      1060         14          0          0          0       4795   iic_fc.o
       936         10          0          1          0       4578   iic_soft.o
      2948        206          0        132        140       4281   imu.o
      1284        114          0         14          0       2546   led_fc.o
      1412         56          0         16          0       4831   m100.o
      1128        216          0         13       1280       2377   main.o
       224         20          0          0          0       1821   misc.o
      2516        158          0        221        988      17318   mpu6050.o
      1880        160          0        129         12       6151   ms5611_2.o
      1460        110          0       1028          0       5527   my_math.o
      2196        218        256         92       4744      16019   os_core.o
       200         32          0          0          0        324   os_cpu_a.o
       488          8          0          6          0      11827   os_cpu_c.o
      2060         42          0          0          0       7224   os_flag.o
       972         16          0          0          0       4326   os_mbox.o
      1512         30          0          0          0       5789   os_q.o
       908         18          0          0          0       4062   os_sem.o
      1988         70          0          0          0       7901   os_task.o
       432         30          0          0          0       1882   os_time.o
      1588         94          0          0          0       5753   os_tmr.o
       728         80          0          0        192       1119   parameter.o
      2684        124          0         54        184       4838   pwm_inm.o
      2580        140          0         25        136       5969   pwm_out.o
      1560        128          0         71        208       3525   rc.o
       108          0          0          0          0       1009   rng.o
        64         26        392          0       1536        836   startup_stm32f40_41xxx.o
       936         32          0          0          0       6397   stm32f4xx_dma.o
       272         10          0          0          0       2287   stm32f4xx_exti.o
      1684         28          0          0          0       9422   stm32f4xx_flash.o
       660         44          0          0          0       4161   stm32f4xx_gpio.o
        22          0          0          0          0       1035   stm32f4xx_it.o
      1628         52          0         16          0      13040   stm32f4xx_rcc.o
       160          4          0          0          0       1808   stm32f4xx_rng.o
       148         12          0          0          0       1845   stm32f4xx_syscfg.o
      3234         60          0          0          0      23016   stm32f4xx_tim.o
      1108         34          0          0          0       7884   stm32f4xx_usart.o
       528         46          0         20          0       1783   system_stm32f4xx.o
       356         18          0         20        180      29405   time.o
     14084       1246          8        501       8360     328419   ucos_task.o
      2520        220          0        144         32       5473   ultrasonic.o
     18228        924          0        248       4144      34244   usart_fc.o

    ----------------------------------------------------------------------
    161904      11402        688      45084      28648     717271   Object Totals
         0          0         32          0          0          0   (incl. Generated)
         4          0          0         26          6          0   (incl. Padding)

    ----------------------------------------------------------------------

      Code (inc. data)   RO Data    RW Data    ZI Data      Debug   Library Member Name

        90          0          0          0          0          0   __dczerorl2.o
         8          0          0          0          0         68   __main.o
         0          0          0          0          0          0   __rtentry.o
        12          0          0          0          0          0   __rtentry2.o
         6          0          0          0          0          0   __rtentry4.o
        52          8          0          0          0          0   __scatter.o
        28          0          0          0          0          0   __scatter_zi.o
        22          0          0          0          0        100   _rserrno.o
        18          0          0          0          0         80   exit.o
        78          0          0          0          0         80   h1_free.o
         6          0          0          0          0        152   heapauxi.o
         0          0          0          0          0          0   indicate_semi.o
         2          0          0          0          0          0   libinit.o
         6          0          0          0          0          0   libinit2.o
         2          0          0          0          0          0   libshutdown.o
         2          0          0          0          0          0   libshutdown2.o
         8          4          0          0         96         68   libspace.o
        72          0          0          0          0         76   llsdiv.o
       238          0          0          0          0        100   lludivv7m.o
         8          4          0          0          0         68   rt_errno_addr_intlibspace.o
         8          4          0          0          0         68   rt_heap_descriptor_intlibspace.o
        78          0          0          0          0         80   rt_memclr_w.o
         2          0          0          0          0          0   rtexit.o
        10          0          0          0          0          0   rtexit2.o
        12          4          0          0          0         68   sys_exit.o
        74          0          0          0          0         80   sys_stackheap_outer.o
         2          0          0          0          0         68   use_no_semi.o
        24          0          0          0          0        164   basic.o
        98          4          0          0          0        140   d2f.o
       826         16          0          0          0        492   daddsub_clz.o
        16          4          0          0          0        116   dcheck1.o
        24          0          0          0          0        116   dcmpi.o
       688        140          0          0          0        256   ddiv.o
       120          4          0          0          0        140   deqf.o
        94          4          0          0          0        140   dfix.o
        90          4          0          0          0        140   dfixu.o
        84          0          0          0          0        232   dflt_clz.o
       120          4          0          0          0        140   dleqf.o
       340         12          0          0          0        152   dmul.o
       156          4          0          0          0        140   dnaninf.o
        12          0          0          0          0        116   dretinf.o
       108          0          0          0          0        128   drleqf.o
       408         56          0          0          0        168   dsqrt_umaal.o
        86          4          0          0          0        132   f2d.o
        96          0          0          0          0        132   ffltll_clz.o
       140          4          0          0          0        132   fnaninf.o
        10          0          0          0          0        116   fpinit.o
        10          0          0          0          0        116   fretinf.o
       100          0          0          0          0        116   retnan.o
        92          0          0          0          0        116   scalbn.o
        48          0          0          0          0        116   trapv.o
         0          0          0          0          0          0   usenofp.o
       864         94         80          0          0        280   asin.o
       200         20          0          0          0        164   cos.o
       368         46         48          0          0        200   cos_i.o
       184         44          0          0          0        744   dunder.o
        44          0          0          0          0        248   fabs.o
        48          0          0          0          0        124   fpclassify.o
       248          0          0          0          0        152   poly.o
      3152        296        136          0          0        352   pow.o
         0          0          8          0          0          0   qnan.o
      1080        142        200          0          0        188   rred.o
       200         20          0          0          0        164   sin.o
       304         24         40          0          0        208   sin_i.o
       232          0          0          0          0        296   sqrt.o
       128         20          0          0          0        144   tan.o
       848         84         96          0          0        196   tan_i.o

    ----------------------------------------------------------------------
     12568       1074        608          0        100       8372   Library Totals
        34          0          0          0          4          0   (incl. Padding)

    ----------------------------------------------------------------------

      Code (inc. data)   RO Data    RW Data    ZI Data      Debug   Library Name

       844         24          0          0         96       1156   c_w.l
      3790        260          0          0          0       3756   fz_wm.l
      7900        790        608          0          0       3460   m_wm.l

    ----------------------------------------------------------------------
     12568       1074        608          0        100       8372   Library Totals

    ----------------------------------------------------------------------

==============================================================================


      Code (inc. data)   RO Data    RW Data    ZI Data      Debug   

    174472      12476       1296      45084      28748     709623   Grand Totals
    174472      12476       1296       2124      28748     709623   ELF Image Totals (compressed)
    174472      12476       1296       2124          0          0   ROM Totals

==============================================================================

    Total RO  Size (Code + RO Data)               175768 ( 171.65kB)
    Total RW  Size (RW Data + ZI Data)             73832 (  72.10kB)
    Total ROM Size (Code + RO Data + RW Data)     177892 ( 173.72kB)

==============================================================================

