<html>
<body>
<pre>
<h1>µVision Build Log</h1>
<h2>Tool Versions:</h2>
IDE-Version: ¦ÌVision V5.20.0.0
Copyright (C) 2016 ARM Ltd and ARM Germany GmbH. All rights reserved.
License Information: 1 1, 1, LIC=FYKWF-63T69-Z86FH-W1RGM-U5XIU-9UT4S
 
Tool Versions:
Toolchain:       MDK-ARM Plus  Version: 5.20
Toolchain Path:  d:\Keil_v5\ARM\ARMCC\Bin
C Compiler:      Armcc.exe V5.06 update 2 (build 183)
Assembler:       Armasm.exe V5.06 update 2 (build 183)
Linker/Locator:  ArmLink.exe V5.06 update 2 (build 183)
Library Manager: ArmAr.exe V5.06 update 2 (build 183)
Hex Converter:   FromElf.exe V5.06 update 2 (build 183)
CPU DLL:         SARMCM3.DLL V5.20
Dialog DLL:      DCM.DLL V1.13.7.0
Target DLL:      STLink\ST-LINKIII-KEIL_SWO.dll V2.0.18.0
Dialog DLL:      TCM.DLL V1.14.9.0
 
<h2>Project:</h2>
D:\·É¿Ø\OLDX_FC2.0\DJI_OLDX\OLD_X_FC_DJI\USER\UCOSII-3.uvprojx
Project File Date:  09/30/2017

<h2>Output:</h2>
*** Using Compiler 'V5.06 update 2 (build 183)', folder: 'd:\Keil_v5\ARM\ARMCC\Bin'
Build target 'UCOSII-3'
compiling main.c...
compiling iic_fc.c...
compiling ucos_task.c...
compiling flash.c...
compiling led_fc.c...
compiling parameter.c...
compiling pwm_out.c...
compiling time.c...
compiling spi_nrf.c...
compiling ultrasonic.c...
compiling pwm_inm.c...
compiling nrf.c...
compiling rc_mine.c...
compiling rc.c...
compiling gps.c...
compiling usart_fc.c...
compiling m100.c...
compiling hml_sample.c...
compiling data_transfer.c...
compiling flow.c...
compiling mpu6050.c...
compiling ms5611_2.c...
compiling height_ctrl.c...
compiling circle.c...
compiling att_control.c...
compiling fliter.c...
compiling eso.c...
compiling alt_kf.c...
compiling imu.c...
compiling px4.c...
linking...
Program Size: Code=186656 RO-data=1456 RW-data=45312 ZI-data=30728  
FromELF: creating hex file...
"..\OBJ\UCOSII-3.axf" - 0 Error(s), 0 Warning(s).

<h2>Collection of Component include folders:</h2>
  D:\·É¿Ø\OLDX_FC2.0\DJI_OLDX\OLD_X_FC_DJI\USER\RTE
  d:\Keil_v5\ARM\PACK\Keil\STM32F4xx_DFP\2.9.0\Drivers\CMSIS\Device\ST\STM32F4xx\Include

<h2>Collection of Component Files used:</h2>
Build Time Elapsed:  00:00:24
</pre>
</body>
</html>
